<html>
<body>
<pre>
<h1>µVision Build Log</h1>
<h2>Project:</h2>
D:\Study\Spring 2014\EE380_Operating System_17200\Lab\PWM_4C123\PWM.uvproj
Project File Date:  04/14/2014

<h2>Output:</h2>
Rebuild target 'PWM'
assembling startup.s...
compiling PLL.c...
compiling PWM.c...
compiling PWMtest.c...
linking...
Program Size: Code=1488 RO-data=16 RW-data=0 ZI-data=1120  
".\PWM.axf" - 0 Error(s), 0 Warning(s).
Load "D:\\Study\\Spring 2014\\EE380_Operating System_17200\\Lab\\PWM_4C123\\PWM.axf" 
Connecting: Mode=JTAG, Speed=1000000Hz
Erase Done.
Programming Done.
Verify OK.
</pre>
</body>
</html>
14\\EE380_Operating System_17200\\Lab\\PWM_4C123\\PWM.axf" 
Connecting: Mode=JTAG, Speed=1000000Hz
Erase Done.
Programming Done.
Verify OK.
Load "D:\\Study\\Spring 2014\\EE380_Operating System_17200\\Lab\\PWM_4C123\\PWM.axf" 
Connecting: Mode=JTAG, Speed=1000000Hz
Erase Done.
Programming Done.
Verify OK.
